PREHOOK: query: create table documents(contents string) stored as textfile
PREHOOK: type: CREATETABLE
PREHOOK: Output: database:default
PREHOOK: Output: default@documents
POSTHOOK: query: create table documents(contents string) stored as textfile
POSTHOOK: type: CREATETABLE
POSTHOOK: Output: database:default
POSTHOOK: Output: default@documents
PREHOOK: query: LOAD DATA LOCAL INPATH '../../data/files/docurl.txt' INTO TABLE documents
PREHOOK: type: LOAD
#### A masked pattern was here ####
PREHOOK: Output: default@documents
POSTHOOK: query: LOAD DATA LOCAL INPATH '../../data/files/docurl.txt' INTO TABLE documents
POSTHOOK: type: LOAD
#### A masked pattern was here ####
POSTHOOK: Output: default@documents
PREHOOK: query: select url, count(1) 
FROM
(
  FROM documents
  MAP documents.contents
#### A masked pattern was here ####
) subq
group by url
PREHOOK: type: QUERY
PREHOOK: Input: default@documents
#### A masked pattern was here ####
POSTHOOK: query: select url, count(1) 
FROM
(
  FROM documents
  MAP documents.contents
#### A masked pattern was here ####
) subq
group by url
POSTHOOK: type: QUERY
POSTHOOK: Input: default@documents
#### A masked pattern was here ####
1uauniajqtunlsvadmxhlxvngxpqjuzbpzvdiwmzphmbaicduzkgxgtdeiunduosu.html	4
4uzsbtwvdypfitqfqdjosynqp.html	4
