FAILED: SemanticException Hive authorization does not support the URI or SERVER objects
