PREHOOK: query: create table if not exists authorization_invalid_v1 (key int, value string)
PREHOOK: type: CREATETABLE
PREHOOK: Output: database:default
PREHOOK: Output: default@authorization_invalid_v1
POSTHOOK: query: create table if not exists authorization_invalid_v1 (key int, value string)
POSTHOOK: type: CREATETABLE
POSTHOOK: Output: database:default
POSTHOOK: Output: default@authorization_invalid_v1
FAILED: SemanticException Undefined privilege Delete
