PREHOOK: query: CREATE TABLE dest1(key INT, value STRING, dt STRING, hr STRING) STORED AS TEXTFILE
PREHOOK: type: CREATETABLE
PREHOOK: Output: database:default
PREHOOK: Output: default@dest1
POSTHOOK: query: CREATE TABLE dest1(key INT, value STRING, dt STRING, hr STRING) STORED AS TEXTFILE
POSTHOOK: type: CREATETABLE
POSTHOOK: Output: database:default
POSTHOOK: Output: default@dest1
FAILED: SemanticException [Error 10060]: Sampling expression needed for non-bucketed table srcpart
