FAILED: SemanticException [Error 10072]: Database does not exist: table_in_database_creation_not_exist
