PREHOOK: query: create external table texternal(key string, val string) partitioned by (insertdate string)
PREHOOK: type: CREATETABLE
PREHOOK: Output: database:default
PREHOOK: Output: default@texternal
POSTHOOK: query: create external table texternal(key string, val string) partitioned by (insertdate string)
POSTHOOK: type: CREATETABLE
POSTHOOK: Output: database:default
POSTHOOK: Output: default@texternal
#### A masked pattern was here ####
PREHOOK: type: ALTERTABLE_ADDPARTS
#### A masked pattern was here ####
PREHOOK: Output: default@texternal
#### A masked pattern was here ####
POSTHOOK: type: ALTERTABLE_ADDPARTS
#### A masked pattern was here ####
POSTHOOK: Output: default@texternal
POSTHOOK: Output: default@texternal@insertdate=2008-01-01
FAILED: SemanticException [Error 10071]: Inserting into a external table is not allowed texternal
