FAILED: RuntimeException Cannot convert to IntervalDayTime from: interval_year_month
