PREHOOK: query: drop table if exists invalid_varchar_length_3
PREHOOK: type: DROPTABLE
POSTHOOK: query: drop table if exists invalid_varchar_length_3
POSTHOOK: type: DROPTABLE
FAILED: RuntimeException Varchar length 0 out of allowed range [1, 65535]
