PREHOOK: query: drop table if exists invalid_varchar_length_1
PREHOOK: type: DROPTABLE
POSTHOOK: query: drop table if exists invalid_varchar_length_1
POSTHOOK: type: DROPTABLE
FAILED: RuntimeException Varchar length 1000000 out of allowed range [1, 65535]
