FAILED: RuntimeException Varchar length 100000 out of allowed range [1, 65535]
