FAILED: ParseException line 3:25 Failed to recognize predicate '<EOF>'. Failed rule: 'joinSource' in join source
