PREHOOK: query: CREATE TABLE dest_j1(key STRING, cnt1 INT, cnt2 INT)
PREHOOK: type: CREATETABLE
PREHOOK: Output: database:default
PREHOOK: Output: default@dest_j1
POSTHOOK: query: CREATE TABLE dest_j1(key STRING, cnt1 INT, cnt2 INT)
POSTHOOK: type: CREATETABLE
POSTHOOK: Output: database:default
POSTHOOK: Output: default@dest_j1
FAILED: SemanticException [Error 10227]: Not all clauses are supported with mapjoin hint. Please remove mapjoin hint.
