PREHOOK: query: CREATE TABLE dest1(key INT, ten INT, one INT, value STRING) STORED AS TEXTFILE
PREHOOK: type: CREATETABLE
PREHOOK: Output: database:default
PREHOOK: Output: default@dest1
POSTHOOK: query: CREATE TABLE dest1(key INT, ten INT, one INT, value STRING) STORED AS TEXTFILE
POSTHOOK: type: CREATETABLE
POSTHOOK: Output: database:default
POSTHOOK: Output: default@dest1
FAILED: SemanticException 8:8 Cannot have both ORDER BY and SORT BY clauses. Error encountered near token 'one'
