FAILED: SemanticException Window Spec=[Name='w2'] refers to an unknown source
