FAILED: SemanticException [Error 10016]: Line 1:16 Argument type mismatch ''test'': last_day only takes primitive types as 1st argument, got MAP
