FAILED: SemanticException [Error 10016]: Line 1:16 Argument type mismatch '145622345': next_day only takes STRING_GROUP, DATE_GROUP, VOID_GROUP types as 1st argument, got INT
