FAILED: SemanticException [Error 10016]: Line 1:18 Argument type mismatch '14567893456': add_months only takes STRING_GROUP, DATE_GROUP, VOID_GROUP types as 1st argument, got LONG
