FAILED: ParseException line 5:0 missing EOF at 'union' near 'key'
