PREHOOK: query: create table s as select * from src limit 10
PREHOOK: type: CREATETABLE_AS_SELECT
PREHOOK: Input: default@src
PREHOOK: Output: database:default
PREHOOK: Output: default@s
POSTHOOK: query: create table s as select * from src limit 10
POSTHOOK: type: CREATETABLE_AS_SELECT
POSTHOOK: Input: default@src
POSTHOOK: Output: database:default
POSTHOOK: Output: default@s
POSTHOOK: Lineage: s.key SIMPLE [(src)src.FieldSchema(name:key, type:string, comment:default), ]
POSTHOOK: Lineage: s.value SIMPLE [(src)src.FieldSchema(name:value, type:string, comment:default), ]
FAILED: SemanticException AlterTable numRows failed with value NaN
