PREHOOK: query: create table foo(a int, b varchar(128)) partitioned by (ds string) clustered by (a) into 2 buckets stored as orc TBLPROPERTIES ('transactional'='true')
PREHOOK: type: CREATETABLE
PREHOOK: Output: database:default
PREHOOK: Output: default@foo
POSTHOOK: query: create table foo(a int, b varchar(128)) partitioned by (ds string) clustered by (a) into 2 buckets stored as orc TBLPROPERTIES ('transactional'='true')
POSTHOOK: type: CREATETABLE
POSTHOOK: Output: database:default
POSTHOOK: Output: default@foo
FAILED: SemanticException [Error 10302]: Updating values of bucketing columns is not supported.  Column a.
