Parse Error: line 3:2 mismatched input 'b' expecting ) near 'INT' in create table statement