Parse Error: line 2:7 cannot recognize input near 'INSERT' 'TABLE' 'dest1' in insert clause