Parse Error: line 3:0 character '<EOF>' not supported here
line 3:0 character '<EOF>' not supported here