Semantic Exception: 
Line 2:87 Invalid column reference 'dummycol'