Semantic Exception: 
Line 1:5 Table not found 'dummySrc'