Semantic Exception: 
Line 2:83 Invalid table alias or column reference 'dummysrc': (possible column names are: key, value)